../Core/MyLib/ads1115.c:111:19:ADS1115_Init	0	static
../Core/MyLib/ads1115.c:128:19:ADS1115_IsReady	0	static
../Core/MyLib/ads1115.c:136:19:ADS1115_WriteRegister	24	static
../Core/MyLib/ads1115.c:149:19:ADS1115_ReadRegister	40	static
../Core/MyLib/ads1115.c:169:19:ADS1115_StartSingleConversion	4	static
../Core/MyLib/ads1115.c:180:19:ADS1115_ReadRaw	16	static
../Core/MyLib/ads1115.c:196:10:ADS1115_GetConversionDelayMs	0	static
../Core/MyLib/ads1115.c:215:19:ADS1115_ReadChannelRaw	16	static
../Core/MyLib/ads1115.c:231:7:ADS1115_RawToVoltage	8	static
../Core/MyLib/ads1115.c:243:19:ADS1115_ReadChannelVoltage	24	static
