../Core/MyLib/liquidcrystal_i2c.c:292:13:DelayUS	8	static
../Core/MyLib/liquidcrystal_i2c.c:261:13:ExpanderWrite	24	static
../Core/MyLib/liquidcrystal_i2c.c:255:13:Write4Bits	8	static
../Core/MyLib/liquidcrystal_i2c.c:246:13:Send	16	static
../Core/MyLib/liquidcrystal_i2c.c:236:13:SendCommand	0	static
../Core/MyLib/liquidcrystal_i2c.c:101:6:HD44780_Clear	8	static
../Core/MyLib/liquidcrystal_i2c.c:107:6:HD44780_Home	8	static
../Core/MyLib/liquidcrystal_i2c.c:113:6:HD44780_SetCursor	24	static
../Core/MyLib/liquidcrystal_i2c.c:123:6:HD44780_NoDisplay	0	static
../Core/MyLib/liquidcrystal_i2c.c:129:6:HD44780_Display	0	static
../Core/MyLib/liquidcrystal_i2c.c:135:6:HD44780_NoCursor	0	static
../Core/MyLib/liquidcrystal_i2c.c:141:6:HD44780_Cursor	0	static
../Core/MyLib/liquidcrystal_i2c.c:147:6:HD44780_NoBlink	0	static
../Core/MyLib/liquidcrystal_i2c.c:153:6:HD44780_Blink	0	static
../Core/MyLib/liquidcrystal_i2c.c:159:6:HD44780_ScrollDisplayLeft	0	static
../Core/MyLib/liquidcrystal_i2c.c:164:6:HD44780_ScrollDisplayRight	0	static
../Core/MyLib/liquidcrystal_i2c.c:169:6:HD44780_LeftToRight	0	static
../Core/MyLib/liquidcrystal_i2c.c:175:6:HD44780_RightToLeft	0	static
../Core/MyLib/liquidcrystal_i2c.c:181:6:HD44780_AutoScroll	0	static
../Core/MyLib/liquidcrystal_i2c.c:187:6:HD44780_NoAutoScroll	0	static
../Core/MyLib/liquidcrystal_i2c.c:193:6:HD44780_CreateSpecialChar	16	static
../Core/MyLib/liquidcrystal_i2c.c:42:6:HD44780_Init	16	static,ignoring_inline_asm
../Core/MyLib/liquidcrystal_i2c.c:203:6:HD44780_PrintSpecialChar	0	static
../Core/MyLib/liquidcrystal_i2c.c:208:6:HD44780_LoadCustomCharacter	0	static
../Core/MyLib/liquidcrystal_i2c.c:213:6:HD44780_PrintStr	8	static
../Core/MyLib/liquidcrystal_i2c.c:224:6:HD44780_NoBacklight	0	static
../Core/MyLib/liquidcrystal_i2c.c:230:6:HD44780_Backlight	0	static
../Core/MyLib/liquidcrystal_i2c.c:218:6:HD44780_SetBacklight	0	static
