../Core/Src/main.c:55:6:DWT_Init	4	static
../Core/Src/main.c:63:6:delay_us	32	static
../Core/Src/main.c:70:9:OneWire_Reset	32	static
../Core/Src/main.c:94:6:OneWire_WriteBit	32	static
../Core/Src/main.c:116:9:OneWire_ReadBit	32	static
../Core/Src/main.c:140:6:OneWire_WriteByte	24	static
../Core/Src/main.c:147:9:OneWire_ReadByte	16	static
../Core/Src/main.c:156:6:HAL_GPIO_EXTI_Callback	16	static
../Core/Src/main.c:162:6:MeasureAndDisplay	40	static
../Core/Src/main.c:196:5:main	8	static
../Core/Src/main.c:262:6:SystemClock_Config	72	static
../Core/Src/main.c:302:13:MX_I2C1_Init	8	static
../Core/Src/main.c:336:13:MX_GPIO_Init	40	static
../Core/Src/main.c:382:6:Error_Handler	4	static,ignoring_inline_asm
