../Core/Src/main.c:55:6:DWT_Init	2
../Core/Src/main.c:63:6:delay_us	2
../Core/Src/main.c:70:9:OneWire_Reset	1
../Core/Src/main.c:94:6:OneWire_WriteBit	2
../Core/Src/main.c:116:9:OneWire_ReadBit	1
../Core/Src/main.c:140:6:OneWire_WriteByte	2
../Core/Src/main.c:147:9:OneWire_ReadByte	3
../Core/Src/main.c:156:6:HAL_GPIO_EXTI_Callback	2
../Core/Src/main.c:162:6:MeasureAndDisplay	1
../Core/Src/main.c:196:5:main	2
../Core/Src/main.c:262:6:SystemClock_Config	3
../Core/Src/main.c:302:13:MX_I2C1_Init	2
../Core/Src/main.c:336:13:MX_GPIO_Init	1
../Core/Src/main.c:382:6:Error_Handler	1
